Archive member included to satisfy reference by file (symbol)

/usr/lib/gcc/avr/12.2.0/avr5/libgcc.a(_udivmodsi4.o)
                              i2c.o (__udivmodsi4)
/usr/lib/gcc/avr/12.2.0/avr5/libgcc.a(_exit.o)
                              /usr/lib/gcc/avr/12.2.0/../../../../avr/lib/avr5/crtatmega328p.o (exit)
/usr/lib/gcc/avr/12.2.0/avr5/libgcc.a(_copy_data.o)
                              main.o (__do_copy_data)
/usr/lib/gcc/avr/12.2.0/avr5/libgcc.a(_clear_bss.o)
                              main.o (__do_clear_bss)
/usr/lib/gcc/avr/12.2.0/avr5/libgcc.a(_muluhisi3.o)
                              i2c.o (__muluhisi3)
/usr/lib/gcc/avr/12.2.0/avr5/libgcc.a(_umulhisi3.o)
                              /usr/lib/gcc/avr/12.2.0/avr5/libgcc.a(_muluhisi3.o) (__umulhisi3)
/usr/lib/gcc/avr/12.2.0/../../../../avr/lib/avr5/libm.a(addsf3.o)
                              main.o (__subsf3)
/usr/lib/gcc/avr/12.2.0/../../../../avr/lib/avr5/libm.a(addsf3x.o)
                              /usr/lib/gcc/avr/12.2.0/../../../../avr/lib/avr5/libm.a(addsf3.o) (__addsf3x)
/usr/lib/gcc/avr/12.2.0/../../../../avr/lib/avr5/libm.a(divsf3.o)
                              main.o (__divsf3)
/usr/lib/gcc/avr/12.2.0/../../../../avr/lib/avr5/libm.a(divsf3x.o)
                              /usr/lib/gcc/avr/12.2.0/../../../../avr/lib/avr5/libm.a(divsf3.o) (__divsf3x)
/usr/lib/gcc/avr/12.2.0/../../../../avr/lib/avr5/libm.a(fixunssfsi.o)
                              main.o (__fixunssfsi)
/usr/lib/gcc/avr/12.2.0/../../../../avr/lib/avr5/libm.a(floatsisf.o)
                              main.o (__floatunsisf)
/usr/lib/gcc/avr/12.2.0/../../../../avr/lib/avr5/libm.a(fp_inf.o)
                              /usr/lib/gcc/avr/12.2.0/../../../../avr/lib/avr5/libm.a(addsf3x.o) (__fp_inf)
/usr/lib/gcc/avr/12.2.0/../../../../avr/lib/avr5/libm.a(fp_nan.o)
                              /usr/lib/gcc/avr/12.2.0/../../../../avr/lib/avr5/libm.a(addsf3x.o) (__fp_nan)
/usr/lib/gcc/avr/12.2.0/../../../../avr/lib/avr5/libm.a(fp_pscA.o)
                              /usr/lib/gcc/avr/12.2.0/../../../../avr/lib/avr5/libm.a(addsf3x.o) (__fp_pscA)
/usr/lib/gcc/avr/12.2.0/../../../../avr/lib/avr5/libm.a(fp_pscB.o)
                              /usr/lib/gcc/avr/12.2.0/../../../../avr/lib/avr5/libm.a(addsf3x.o) (__fp_pscB)
/usr/lib/gcc/avr/12.2.0/../../../../avr/lib/avr5/libm.a(fp_round.o)
                              /usr/lib/gcc/avr/12.2.0/../../../../avr/lib/avr5/libm.a(addsf3.o) (__fp_round)
/usr/lib/gcc/avr/12.2.0/../../../../avr/lib/avr5/libm.a(fp_split3.o)
                              /usr/lib/gcc/avr/12.2.0/../../../../avr/lib/avr5/libm.a(addsf3x.o) (__fp_split3)
/usr/lib/gcc/avr/12.2.0/../../../../avr/lib/avr5/libm.a(fp_zero.o)
                              /usr/lib/gcc/avr/12.2.0/../../../../avr/lib/avr5/libm.a(addsf3x.o) (__fp_zero)
/usr/lib/gcc/avr/12.2.0/../../../../avr/lib/avr5/libm.a(mulsf3.o)
                              main.o (__mulsf3)
/usr/lib/gcc/avr/12.2.0/../../../../avr/lib/avr5/libm.a(mulsf3x.o)
                              /usr/lib/gcc/avr/12.2.0/../../../../avr/lib/avr5/libm.a(mulsf3.o) (__mulsf3x)
/usr/lib/gcc/avr/12.2.0/../../../../avr/lib/avr5/libc.a(strcat.o)
                              main.o (strcat)
/usr/lib/gcc/avr/12.2.0/../../../../avr/lib/avr5/libc.a(sprintf.o)
                              main.o (sprintf)
/usr/lib/gcc/avr/12.2.0/../../../../avr/lib/avr5/libc.a(vfprintf_std.o)
                              /usr/lib/gcc/avr/12.2.0/../../../../avr/lib/avr5/libc.a(sprintf.o) (vfprintf)
/usr/lib/gcc/avr/12.2.0/../../../../avr/lib/avr5/libc.a(strnlen_P.o)
                              /usr/lib/gcc/avr/12.2.0/../../../../avr/lib/avr5/libc.a(vfprintf_std.o) (strnlen_P)
/usr/lib/gcc/avr/12.2.0/../../../../avr/lib/avr5/libc.a(strnlen.o)
                              /usr/lib/gcc/avr/12.2.0/../../../../avr/lib/avr5/libc.a(vfprintf_std.o) (strnlen)
/usr/lib/gcc/avr/12.2.0/../../../../avr/lib/avr5/libc.a(fputc.o)
                              /usr/lib/gcc/avr/12.2.0/../../../../avr/lib/avr5/libc.a(vfprintf_std.o) (fputc)
/usr/lib/gcc/avr/12.2.0/../../../../avr/lib/avr5/libc.a(ultoa_invert.o)
                              /usr/lib/gcc/avr/12.2.0/../../../../avr/lib/avr5/libc.a(vfprintf_std.o) (__ultoa_invert)
/usr/lib/gcc/avr/12.2.0/avr5/libgcc.a(_prologue.o)
                              /usr/lib/gcc/avr/12.2.0/../../../../avr/lib/avr5/libc.a(sprintf.o) (__prologue_saves__)
/usr/lib/gcc/avr/12.2.0/avr5/libgcc.a(_epilogue.o)
                              /usr/lib/gcc/avr/12.2.0/../../../../avr/lib/avr5/libc.a(sprintf.o) (__epilogue_restores__)

Discarded input sections

 .data          0x00000000        0x0 /usr/lib/gcc/avr/12.2.0/../../../../avr/lib/avr5/crtatmega328p.o
 .bss           0x00000000        0x0 /usr/lib/gcc/avr/12.2.0/../../../../avr/lib/avr5/crtatmega328p.o
 .text          0x00000000        0x0 i2c.o
 .data          0x00000000        0x0 i2c.o
 .bss           0x00000000        0x0 i2c.o
 .text.check_TWI_status
                0x00000000       0x9c i2c.o
 .text.debug_led
                0x00000000        0xc i2c.o
 .text.set_i2c_clock
                0x00000000       0x78 i2c.o
 .text.send_start
                0x00000000       0x10 i2c.o
 .text.send_address
                0x00000000       0x30 i2c.o
 .text.transmit_data
                0x00000000       0x14 i2c.o
 .text.send_stop
                0x00000000        0x8 i2c.o
 .text.receive_byte
                0x00000000       0x14 i2c.o
 .debug_info    0x00000000      0x25e i2c.o
 .debug_abbrev  0x00000000      0x121 i2c.o
 .debug_loclists
                0x00000000      0x191 i2c.o
 .debug_aranges
                0x00000000       0x58 i2c.o
 .debug_rnglists
                0x00000000       0x3e i2c.o
 .debug_line    0x00000000      0x506 i2c.o
 .debug_str     0x00000000      0x29a i2c.o
 .debug_line_str
                0x00000000       0x9a i2c.o
 .comment       0x00000000       0x13 i2c.o
 .debug_frame   0x00000000       0xa4 i2c.o
 .text          0x00000000        0x0 main.o
 .data          0x00000000        0x0 main.o
 .bss           0x00000000        0x0 main.o
 .text          0x00000000        0x0 USART.o
 .data          0x00000000        0x0 USART.o
 .bss           0x00000000        0x0 USART.o
 .text.USART_Tx_byte
                0x00000000       0x12 USART.o
 .rodata.USART_Tx_string.str1.1
                0x00000000        0x4 USART.o
 .text.USART_Tx_string
                0x00000000       0x4c USART.o
 .bss.counter   0x00000000        0x2 USART.o
 .bss.j         0x00000000        0x2 USART.o
 .text          0x00000000        0x0 /usr/lib/gcc/avr/12.2.0/avr5/libgcc.a(_udivmodsi4.o)
 .data          0x00000000        0x0 /usr/lib/gcc/avr/12.2.0/avr5/libgcc.a(_udivmodsi4.o)
 .bss           0x00000000        0x0 /usr/lib/gcc/avr/12.2.0/avr5/libgcc.a(_udivmodsi4.o)
 .text.libgcc.mul
                0x00000000        0x0 /usr/lib/gcc/avr/12.2.0/avr5/libgcc.a(_udivmodsi4.o)
 .text.libgcc.div
                0x00000000       0x44 /usr/lib/gcc/avr/12.2.0/avr5/libgcc.a(_udivmodsi4.o)
 .text.libgcc   0x00000000        0x0 /usr/lib/gcc/avr/12.2.0/avr5/libgcc.a(_udivmodsi4.o)
 .text.libgcc.prologue
                0x00000000        0x0 /usr/lib/gcc/avr/12.2.0/avr5/libgcc.a(_udivmodsi4.o)
 .text.libgcc.builtins
                0x00000000        0x0 /usr/lib/gcc/avr/12.2.0/avr5/libgcc.a(_udivmodsi4.o)
 .text.libgcc.fmul
                0x00000000        0x0 /usr/lib/gcc/avr/12.2.0/avr5/libgcc.a(_udivmodsi4.o)
 .text.libgcc.fixed
                0x00000000        0x0 /usr/lib/gcc/avr/12.2.0/avr5/libgcc.a(_udivmodsi4.o)
 .text          0x00000000        0x0 /usr/lib/gcc/avr/12.2.0/avr5/libgcc.a(_exit.o)
 .data          0x00000000        0x0 /usr/lib/gcc/avr/12.2.0/avr5/libgcc.a(_exit.o)
 .bss           0x00000000        0x0 /usr/lib/gcc/avr/12.2.0/avr5/libgcc.a(_exit.o)
 .text.libgcc.mul
                0x00000000        0x0 /usr/lib/gcc/avr/12.2.0/avr5/libgcc.a(_exit.o)
 .text.libgcc.div
                0x00000000        0x0 /usr/lib/gcc/avr/12.2.0/avr5/libgcc.a(_exit.o)
 .text.libgcc   0x00000000        0x0 /usr/lib/gcc/avr/12.2.0/avr5/libgcc.a(_exit.o)
 .text.libgcc.prologue
                0x00000000        0x0 /usr/lib/gcc/avr/12.2.0/avr5/libgcc.a(_exit.o)
 .text.libgcc.builtins
                0x00000000        0x0 /usr/lib/gcc/avr/12.2.0/avr5/libgcc.a(_exit.o)
 .text.libgcc.fmul
                0x00000000        0x0 /usr/lib/gcc/avr/12.2.0/avr5/libgcc.a(_exit.o)
 .text.libgcc.fixed
                0x00000000        0x0 /usr/lib/gcc/avr/12.2.0/avr5/libgcc.a(_exit.o)
 .text          0x00000000        0x0 /usr/lib/gcc/avr/12.2.0/avr5/libgcc.a(_copy_data.o)
 .data          0x00000000        0x0 /usr/lib/gcc/avr/12.2.0/avr5/libgcc.a(_copy_data.o)
 .bss           0x00000000        0x0 /usr/lib/gcc/avr/12.2.0/avr5/libgcc.a(_copy_data.o)
 .text.libgcc.mul
                0x00000000        0x0 /usr/lib/gcc/avr/12.2.0/avr5/libgcc.a(_copy_data.o)
 .text.libgcc.div
                0x00000000        0x0 /usr/lib/gcc/avr/12.2.0/avr5/libgcc.a(_copy_data.o)
 .text.libgcc   0x00000000        0x0 /usr/lib/gcc/avr/12.2.0/avr5/libgcc.a(_copy_data.o)
 .text.libgcc.prologue
                0x00000000        0x0 /usr/lib/gcc/avr/12.2.0/avr5/libgcc.a(_copy_data.o)
 .text.libgcc.builtins
                0x00000000        0x0 /usr/lib/gcc/avr/12.2.0/avr5/libgcc.a(_copy_data.o)
 .text.libgcc.fmul
                0x00000000        0x0 /usr/lib/gcc/avr/12.2.0/avr5/libgcc.a(_copy_data.o)
 .text.libgcc.fixed
                0x00000000        0x0 /usr/lib/gcc/avr/12.2.0/avr5/libgcc.a(_copy_data.o)
 .text          0x00000000        0x0 /usr/lib/gcc/avr/12.2.0/avr5/libgcc.a(_clear_bss.o)
 .data          0x00000000        0x0 /usr/lib/gcc/avr/12.2.0/avr5/libgcc.a(_clear_bss.o)
 .bss           0x00000000        0x0 /usr/lib/gcc/avr/12.2.0/avr5/libgcc.a(_clear_bss.o)
 .text.libgcc.mul
                0x00000000        0x0 /usr/lib/gcc/avr/12.2.0/avr5/libgcc.a(_clear_bss.o)
 .text.libgcc.div
                0x00000000        0x0 /usr/lib/gcc/avr/12.2.0/avr5/libgcc.a(_clear_bss.o)
 .text.libgcc   0x00000000        0x0 /usr/lib/gcc/avr/12.2.0/avr5/libgcc.a(_clear_bss.o)
 .text.libgcc.prologue
                0x00000000        0x0 /usr/lib/gcc/avr/12.2.0/avr5/libgcc.a(_clear_bss.o)
 .text.libgcc.builtins
                0x00000000        0x0 /usr/lib/gcc/avr/12.2.0/avr5/libgcc.a(_clear_bss.o)
 .text.libgcc.fmul
                0x00000000        0x0 /usr/lib/gcc/avr/12.2.0/avr5/libgcc.a(_clear_bss.o)
 .text.libgcc.fixed
                0x00000000        0x0 /usr/lib/gcc/avr/12.2.0/avr5/libgcc.a(_clear_bss.o)
 .text          0x00000000        0x0 /usr/lib/gcc/avr/12.2.0/avr5/libgcc.a(_muluhisi3.o)
 .data          0x00000000        0x0 /usr/lib/gcc/avr/12.2.0/avr5/libgcc.a(_muluhisi3.o)
 .bss           0x00000000        0x0 /usr/lib/gcc/avr/12.2.0/avr5/libgcc.a(_muluhisi3.o)
 .text.libgcc.mul
                0x00000000       0x16 /usr/lib/gcc/avr/12.2.0/avr5/libgcc.a(_muluhisi3.o)
 .text.libgcc.div
                0x00000000        0x0 /usr/lib/gcc/avr/12.2.0/avr5/libgcc.a(_muluhisi3.o)
 .text.libgcc   0x00000000        0x0 /usr/lib/gcc/avr/12.2.0/avr5/libgcc.a(_muluhisi3.o)
 .text.libgcc.prologue
                0x00000000        0x0 /usr/lib/gcc/avr/12.2.0/avr5/libgcc.a(_muluhisi3.o)
 .text.libgcc.builtins
                0x00000000        0x0 /usr/lib/gcc/avr/12.2.0/avr5/libgcc.a(_muluhisi3.o)
 .text.libgcc.fmul
                0x00000000        0x0 /usr/lib/gcc/avr/12.2.0/avr5/libgcc.a(_muluhisi3.o)
 .text.libgcc.fixed
                0x00000000        0x0 /usr/lib/gcc/avr/12.2.0/avr5/libgcc.a(_muluhisi3.o)
 .text          0x00000000        0x0 /usr/lib/gcc/avr/12.2.0/avr5/libgcc.a(_umulhisi3.o)
 .data          0x00000000        0x0 /usr/lib/gcc/avr/12.2.0/avr5/libgcc.a(_umulhisi3.o)
 .bss           0x00000000        0x0 /usr/lib/gcc/avr/12.2.0/avr5/libgcc.a(_umulhisi3.o)
 .text.libgcc.mul
                0x00000000       0x1e /usr/lib/gcc/avr/12.2.0/avr5/libgcc.a(_umulhisi3.o)
 .text.libgcc.div
                0x00000000        0x0 /usr/lib/gcc/avr/12.2.0/avr5/libgcc.a(_umulhisi3.o)
 .text.libgcc   0x00000000        0x0 /usr/lib/gcc/avr/12.2.0/avr5/libgcc.a(_umulhisi3.o)
 .text.libgcc.prologue
                0x00000000        0x0 /usr/lib/gcc/avr/12.2.0/avr5/libgcc.a(_umulhisi3.o)
 .text.libgcc.builtins
                0x00000000        0x0 /usr/lib/gcc/avr/12.2.0/avr5/libgcc.a(_umulhisi3.o)
 .text.libgcc.fmul
                0x00000000        0x0 /usr/lib/gcc/avr/12.2.0/avr5/libgcc.a(_umulhisi3.o)
 .text.libgcc.fixed
                0x00000000        0x0 /usr/lib/gcc/avr/12.2.0/avr5/libgcc.a(_umulhisi3.o)
 .text          0x00000000        0x0 /usr/lib/gcc/avr/12.2.0/../../../../avr/lib/avr5/libm.a(addsf3.o)
 .data          0x00000000        0x0 /usr/lib/gcc/avr/12.2.0/../../../../avr/lib/avr5/libm.a(addsf3.o)
 .bss           0x00000000        0x0 /usr/lib/gcc/avr/12.2.0/../../../../avr/lib/avr5/libm.a(addsf3.o)
 .text          0x00000000        0x0 /usr/lib/gcc/avr/12.2.0/../../../../avr/lib/avr5/libm.a(addsf3x.o)
 .data          0x00000000        0x0 /usr/lib/gcc/avr/12.2.0/../../../../avr/lib/avr5/libm.a(addsf3x.o)
 .bss           0x00000000        0x0 /usr/lib/gcc/avr/12.2.0/../../../../avr/lib/avr5/libm.a(addsf3x.o)
 .text          0x00000000        0x0 /usr/lib/gcc/avr/12.2.0/../../../../avr/lib/avr5/libm.a(divsf3.o)
 .data          0x00000000        0x0 /usr/lib/gcc/avr/12.2.0/../../../../avr/lib/avr5/libm.a(divsf3.o)
 .bss           0x00000000        0x0 /usr/lib/gcc/avr/12.2.0/../../../../avr/lib/avr5/libm.a(divsf3.o)
 .text          0x00000000        0x0 /usr/lib/gcc/avr/12.2.0/../../../../avr/lib/avr5/libm.a(divsf3x.o)
 .data          0x00000000        0x0 /usr/lib/gcc/avr/12.2.0/../../../../avr/lib/avr5/libm.a(divsf3x.o)
 .bss           0x00000000        0x0 /usr/lib/gcc/avr/12.2.0/../../../../avr/lib/avr5/libm.a(divsf3x.o)
 .text          0x00000000        0x0 /usr/lib/gcc/avr/12.2.0/../../../../avr/lib/avr5/libm.a(fixunssfsi.o)
 .data          0x00000000        0x0 /usr/lib/gcc/avr/12.2.0/../../../../avr/lib/avr5/libm.a(fixunssfsi.o)
 .bss           0x00000000        0x0 /usr/lib/gcc/avr/12.2.0/../../../../avr/lib/avr5/libm.a(fixunssfsi.o)
 .text          0x00000000        0x0 /usr/lib/gcc/avr/12.2.0/../../../../avr/lib/avr5/libm.a(floatsisf.o)
 .data          0x00000000        0x0 /usr/lib/gcc/avr/12.2.0/../../../../avr/lib/avr5/libm.a(floatsisf.o)
 .bss           0x00000000        0x0 /usr/lib/gcc/avr/12.2.0/../../../../avr/lib/avr5/libm.a(floatsisf.o)
 .text          0x00000000        0x0 /usr/lib/gcc/avr/12.2.0/../../../../avr/lib/avr5/libm.a(fp_inf.o)
 .data          0x00000000        0x0 /usr/lib/gcc/avr/12.2.0/../../../../avr/lib/avr5/libm.a(fp_inf.o)
 .bss           0x00000000        0x0 /usr/lib/gcc/avr/12.2.0/../../../../avr/lib/avr5/libm.a(fp_inf.o)
 .text          0x00000000        0x0 /usr/lib/gcc/avr/12.2.0/../../../../avr/lib/avr5/libm.a(fp_nan.o)
 .data          0x00000000        0x0 /usr/lib/gcc/avr/12.2.0/../../../../avr/lib/avr5/libm.a(fp_nan.o)
 .bss           0x00000000        0x0 /usr/lib/gcc/avr/12.2.0/../../../../avr/lib/avr5/libm.a(fp_nan.o)
 .text          0x00000000        0x0 /usr/lib/gcc/avr/12.2.0/../../../../avr/lib/avr5/libm.a(fp_pscA.o)
 .data          0x00000000        0x0 /usr/lib/gcc/avr/12.2.0/../../../../avr/lib/avr5/libm.a(fp_pscA.o)
 .bss           0x00000000        0x0 /usr/lib/gcc/avr/12.2.0/../../../../avr/lib/avr5/libm.a(fp_pscA.o)
 .text          0x00000000        0x0 /usr/lib/gcc/avr/12.2.0/../../../../avr/lib/avr5/libm.a(fp_pscB.o)
 .data          0x00000000        0x0 /usr/lib/gcc/avr/12.2.0/../../../../avr/lib/avr5/libm.a(fp_pscB.o)
 .bss           0x00000000        0x0 /usr/lib/gcc/avr/12.2.0/../../../../avr/lib/avr5/libm.a(fp_pscB.o)
 .text          0x00000000        0x0 /usr/lib/gcc/avr/12.2.0/../../../../avr/lib/avr5/libm.a(fp_round.o)
 .data          0x00000000        0x0 /usr/lib/gcc/avr/12.2.0/../../../../avr/lib/avr5/libm.a(fp_round.o)
 .bss           0x00000000        0x0 /usr/lib/gcc/avr/12.2.0/../../../../avr/lib/avr5/libm.a(fp_round.o)
 .text          0x00000000        0x0 /usr/lib/gcc/avr/12.2.0/../../../../avr/lib/avr5/libm.a(fp_split3.o)
 .data          0x00000000        0x0 /usr/lib/gcc/avr/12.2.0/../../../../avr/lib/avr5/libm.a(fp_split3.o)
 .bss           0x00000000        0x0 /usr/lib/gcc/avr/12.2.0/../../../../avr/lib/avr5/libm.a(fp_split3.o)
 .text          0x00000000        0x0 /usr/lib/gcc/avr/12.2.0/../../../../avr/lib/avr5/libm.a(fp_zero.o)
 .data          0x00000000        0x0 /usr/lib/gcc/avr/12.2.0/../../../../avr/lib/avr5/libm.a(fp_zero.o)
 .bss           0x00000000        0x0 /usr/lib/gcc/avr/12.2.0/../../../../avr/lib/avr5/libm.a(fp_zero.o)
 .text          0x00000000        0x0 /usr/lib/gcc/avr/12.2.0/../../../../avr/lib/avr5/libm.a(mulsf3.o)
 .data          0x00000000        0x0 /usr/lib/gcc/avr/12.2.0/../../../../avr/lib/avr5/libm.a(mulsf3.o)
 .bss           0x00000000        0x0 /usr/lib/gcc/avr/12.2.0/../../../../avr/lib/avr5/libm.a(mulsf3.o)
 .text          0x00000000        0x0 /usr/lib/gcc/avr/12.2.0/../../../../avr/lib/avr5/libm.a(mulsf3x.o)
 .data          0x00000000        0x0 /usr/lib/gcc/avr/12.2.0/../../../../avr/lib/avr5/libm.a(mulsf3x.o)
 .bss           0x00000000        0x0 /usr/lib/gcc/avr/12.2.0/../../../../avr/lib/avr5/libm.a(mulsf3x.o)
 .text          0x00000000        0x0 /usr/lib/gcc/avr/12.2.0/../../../../avr/lib/avr5/libc.a(strcat.o)
 .data          0x00000000        0x0 /usr/lib/gcc/avr/12.2.0/../../../../avr/lib/avr5/libc.a(strcat.o)
 .bss           0x00000000        0x0 /usr/lib/gcc/avr/12.2.0/../../../../avr/lib/avr5/libc.a(strcat.o)
 .text          0x00000000        0x0 /usr/lib/gcc/avr/12.2.0/../../../../avr/lib/avr5/libc.a(sprintf.o)
 .data          0x00000000        0x0 /usr/lib/gcc/avr/12.2.0/../../../../avr/lib/avr5/libc.a(sprintf.o)
 .bss           0x00000000        0x0 /usr/lib/gcc/avr/12.2.0/../../../../avr/lib/avr5/libc.a(sprintf.o)
 .text          0x00000000        0x0 /usr/lib/gcc/avr/12.2.0/../../../../avr/lib/avr5/libc.a(vfprintf_std.o)
 .data          0x00000000        0x0 /usr/lib/gcc/avr/12.2.0/../../../../avr/lib/avr5/libc.a(vfprintf_std.o)
 .bss           0x00000000        0x0 /usr/lib/gcc/avr/12.2.0/../../../../avr/lib/avr5/libc.a(vfprintf_std.o)
 .text          0x00000000        0x0 /usr/lib/gcc/avr/12.2.0/../../../../avr/lib/avr5/libc.a(strnlen_P.o)
 .data          0x00000000        0x0 /usr/lib/gcc/avr/12.2.0/../../../../avr/lib/avr5/libc.a(strnlen_P.o)
 .bss           0x00000000        0x0 /usr/lib/gcc/avr/12.2.0/../../../../avr/lib/avr5/libc.a(strnlen_P.o)
 .text          0x00000000        0x0 /usr/lib/gcc/avr/12.2.0/../../../../avr/lib/avr5/libc.a(strnlen.o)
 .data          0x00000000        0x0 /usr/lib/gcc/avr/12.2.0/../../../../avr/lib/avr5/libc.a(strnlen.o)
 .bss           0x00000000        0x0 /usr/lib/gcc/avr/12.2.0/../../../../avr/lib/avr5/libc.a(strnlen.o)
 .text          0x00000000        0x0 /usr/lib/gcc/avr/12.2.0/../../../../avr/lib/avr5/libc.a(fputc.o)
 .data          0x00000000        0x0 /usr/lib/gcc/avr/12.2.0/../../../../avr/lib/avr5/libc.a(fputc.o)
 .bss           0x00000000        0x0 /usr/lib/gcc/avr/12.2.0/../../../../avr/lib/avr5/libc.a(fputc.o)
 .text          0x00000000        0x0 /usr/lib/gcc/avr/12.2.0/../../../../avr/lib/avr5/libc.a(ultoa_invert.o)
 .data          0x00000000        0x0 /usr/lib/gcc/avr/12.2.0/../../../../avr/lib/avr5/libc.a(ultoa_invert.o)
 .bss           0x00000000        0x0 /usr/lib/gcc/avr/12.2.0/../../../../avr/lib/avr5/libc.a(ultoa_invert.o)
 .text          0x00000000        0x0 /usr/lib/gcc/avr/12.2.0/avr5/libgcc.a(_prologue.o)
 .data          0x00000000        0x0 /usr/lib/gcc/avr/12.2.0/avr5/libgcc.a(_prologue.o)
 .bss           0x00000000        0x0 /usr/lib/gcc/avr/12.2.0/avr5/libgcc.a(_prologue.o)
 .text.libgcc.mul
                0x00000000        0x0 /usr/lib/gcc/avr/12.2.0/avr5/libgcc.a(_prologue.o)
 .text.libgcc.div
                0x00000000        0x0 /usr/lib/gcc/avr/12.2.0/avr5/libgcc.a(_prologue.o)
 .text.libgcc   0x00000000        0x0 /usr/lib/gcc/avr/12.2.0/avr5/libgcc.a(_prologue.o)
 .text.libgcc.builtins
                0x00000000        0x0 /usr/lib/gcc/avr/12.2.0/avr5/libgcc.a(_prologue.o)
 .text.libgcc.fmul
                0x00000000        0x0 /usr/lib/gcc/avr/12.2.0/avr5/libgcc.a(_prologue.o)
 .text.libgcc.fixed
                0x00000000        0x0 /usr/lib/gcc/avr/12.2.0/avr5/libgcc.a(_prologue.o)
 .text          0x00000000        0x0 /usr/lib/gcc/avr/12.2.0/avr5/libgcc.a(_epilogue.o)
 .data          0x00000000        0x0 /usr/lib/gcc/avr/12.2.0/avr5/libgcc.a(_epilogue.o)
 .bss           0x00000000        0x0 /usr/lib/gcc/avr/12.2.0/avr5/libgcc.a(_epilogue.o)
 .text.libgcc.mul
                0x00000000        0x0 /usr/lib/gcc/avr/12.2.0/avr5/libgcc.a(_epilogue.o)
 .text.libgcc.div
                0x00000000        0x0 /usr/lib/gcc/avr/12.2.0/avr5/libgcc.a(_epilogue.o)
 .text.libgcc   0x00000000        0x0 /usr/lib/gcc/avr/12.2.0/avr5/libgcc.a(_epilogue.o)
 .text.libgcc.builtins
                0x00000000        0x0 /usr/lib/gcc/avr/12.2.0/avr5/libgcc.a(_epilogue.o)
 .text.libgcc.fmul
                0x00000000        0x0 /usr/lib/gcc/avr/12.2.0/avr5/libgcc.a(_epilogue.o)
 .text.libgcc.fixed
                0x00000000        0x0 /usr/lib/gcc/avr/12.2.0/avr5/libgcc.a(_epilogue.o)

Memory Configuration

Name             Origin             Length             Attributes
text             0x00000000         0x00020000         xr
data             0x00800060         0x0000ffa0         rw!x
eeprom           0x00810000         0x00010000         rw!x
fuse             0x00820000         0x00000003         rw!x
lock             0x00830000         0x00000400         rw!x
signature        0x00840000         0x00000400         rw!x
user_signatures  0x00850000         0x00000400         rw!x
*default*        0x00000000         0xffffffff

Linker script and memory map

Address of section .data set to 0x800100
LOAD /usr/lib/gcc/avr/12.2.0/../../../../avr/lib/avr5/crtatmega328p.o
LOAD i2c.o
LOAD main.o
LOAD USART.o
START GROUP
LOAD /usr/lib/gcc/avr/12.2.0/avr5/libgcc.a
LOAD /usr/lib/gcc/avr/12.2.0/../../../../avr/lib/avr5/libm.a
LOAD /usr/lib/gcc/avr/12.2.0/../../../../avr/lib/avr5/libc.a
LOAD /usr/lib/gcc/avr/12.2.0/../../../../avr/lib/avr5/libatmega328p.a
END GROUP
                0x00020000                        __TEXT_REGION_LENGTH__ = DEFINED (__TEXT_REGION_LENGTH__)?__TEXT_REGION_LENGTH__:0x20000
                0x00800060                        __DATA_REGION_ORIGIN__ = DEFINED (__DATA_REGION_ORIGIN__)?__DATA_REGION_ORIGIN__:0x800060
                0x0000ffa0                        __DATA_REGION_LENGTH__ = DEFINED (__DATA_REGION_LENGTH__)?__DATA_REGION_LENGTH__:0xffa0
                0x00010000                        __EEPROM_REGION_LENGTH__ = DEFINED (__EEPROM_REGION_LENGTH__)?__EEPROM_REGION_LENGTH__:0x10000
                [0x00000003]                      __FUSE_REGION_LENGTH__ = DEFINED (__FUSE_REGION_LENGTH__)?__FUSE_REGION_LENGTH__:0x400
                0x00000400                        __LOCK_REGION_LENGTH__ = DEFINED (__LOCK_REGION_LENGTH__)?__LOCK_REGION_LENGTH__:0x400
                0x00000400                        __SIGNATURE_REGION_LENGTH__ = DEFINED (__SIGNATURE_REGION_LENGTH__)?__SIGNATURE_REGION_LENGTH__:0x400
                0x00000400                        __USER_SIGNATURE_REGION_LENGTH__ = DEFINED (__USER_SIGNATURE_REGION_LENGTH__)?__USER_SIGNATURE_REGION_LENGTH__:0x400

.hash
 *(.hash)

.dynsym
 *(.dynsym)

.dynstr
 *(.dynstr)

.gnu.version
 *(.gnu.version)

.gnu.version_d
 *(.gnu.version_d)

.gnu.version_r
 *(.gnu.version_r)

.rel.init
 *(.rel.init)

.rela.init
 *(.rela.init)

.rel.text
 *(.rel.text)
 *(.rel.text.*)
 *(.rel.gnu.linkonce.t*)

.rela.text
 *(.rela.text)
 *(.rela.text.*)
 *(.rela.gnu.linkonce.t*)

.rel.fini
 *(.rel.fini)

.rela.fini
 *(.rela.fini)

.rel.rodata
 *(.rel.rodata)
 *(.rel.rodata.*)
 *(.rel.gnu.linkonce.r*)

.rela.rodata
 *(.rela.rodata)
 *(.rela.rodata.*)
 *(.rela.gnu.linkonce.r*)

.rel.data
 *(.rel.data)
 *(.rel.data.*)
 *(.rel.gnu.linkonce.d*)

.rela.data
 *(.rela.data)
 *(.rela.data.*)
 *(.rela.gnu.linkonce.d*)

.rel.ctors
 *(.rel.ctors)

.rela.ctors
 *(.rela.ctors)

.rel.dtors
 *(.rel.dtors)

.rela.dtors
 *(.rela.dtors)

.rel.got
 *(.rel.got)

.rela.got
 *(.rela.got)

.rel.bss
 *(.rel.bss)

.rela.bss
 *(.rela.bss)

.rel.plt
 *(.rel.plt)

.rela.plt
 *(.rela.plt)

.text           0x00000000      0xef0
 *(.vectors)
 .vectors       0x00000000       0x68 /usr/lib/gcc/avr/12.2.0/../../../../avr/lib/avr5/crtatmega328p.o
                0x00000000                __vectors
                0x00000000                __vector_default
 *(.vectors)
 *(.progmem.gcc*)
                0x00000068                        . = ALIGN (0x2)
                0x00000068                        __trampolines_start = .
 *(.trampolines)
 .trampolines   0x00000068        0x0 linker stubs
 *(.trampolines*)
                0x00000068                        __trampolines_end = .
 *libprintf_flt.a:*(.progmem.data)
 *libc.a:*(.progmem.data)
 *(.progmem.*)
                0x00000068                        . = ALIGN (0x2)
 *(.lowtext)
 *(.lowtext*)
                0x00000068                        __ctors_start = .
 *(.ctors)
                0x00000068                        __ctors_end = .
                0x00000068                        __dtors_start = .
 *(.dtors)
                0x00000068                        __dtors_end = .
 SORT_BY_NAME(*)(.ctors)
 SORT_BY_NAME(*)(.dtors)
 *(.init0)
 .init0         0x00000068        0x0 /usr/lib/gcc/avr/12.2.0/../../../../avr/lib/avr5/crtatmega328p.o
                0x00000068                __init
 *(.init0)
 *(.init1)
 *(.init1)
 *(.init2)
 .init2         0x00000068        0xc /usr/lib/gcc/avr/12.2.0/../../../../avr/lib/avr5/crtatmega328p.o
 *(.init2)
 *(.init3)
 *(.init3)
 *(.init4)
 .init4         0x00000074       0x16 /usr/lib/gcc/avr/12.2.0/avr5/libgcc.a(_copy_data.o)
                0x00000074                __do_copy_data
 .init4         0x0000008a       0x10 /usr/lib/gcc/avr/12.2.0/avr5/libgcc.a(_clear_bss.o)
                0x0000008a                __do_clear_bss
 *(.init4)
 *(.init5)
 *(.init5)
 *(.init6)
 *(.init6)
 *(.init7)
 *(.init7)
 *(.init8)
 *(.init8)
 *(.init9)
 .init9         0x0000009a        0x8 /usr/lib/gcc/avr/12.2.0/../../../../avr/lib/avr5/crtatmega328p.o
 *(.init9)
 *(.text)
 .text          0x000000a2        0x4 /usr/lib/gcc/avr/12.2.0/../../../../avr/lib/avr5/crtatmega328p.o
                0x000000a2                __vector_22
                0x000000a2                __vector_1
                0x000000a2                __vector_24
                0x000000a2                __vector_12
                0x000000a2                __bad_interrupt
                0x000000a2                __vector_6
                0x000000a2                __vector_3
                0x000000a2                __vector_23
                0x000000a2                __vector_25
                0x000000a2                __vector_11
                0x000000a2                __vector_13
                0x000000a2                __vector_17
                0x000000a2                __vector_19
                0x000000a2                __vector_5
                0x000000a2                __vector_4
                0x000000a2                __vector_9
                0x000000a2                __vector_2
                0x000000a2                __vector_21
                0x000000a2                __vector_15
                0x000000a2                __vector_8
                0x000000a2                __vector_14
                0x000000a2                __vector_16
                0x000000a2                __vector_18
                0x000000a2                __vector_20
                0x000000a6                        . = ALIGN (0x2)
 *(.text.*)
 .text.init_input_capture
                0x000000a6       0x16 main.o
                0x000000a6                init_input_capture
 .text.init_timer2
                0x000000bc       0x12 main.o
                0x000000bc                init_timer2
 .text.startup.main
                0x000000ce      0x2e2 main.o
                0x000000ce                main
 .text.__vector_10
                0x000003b0       0xd4 main.o
                0x000003b0                __vector_10
 .text.__vector_7
                0x00000484       0x64 main.o
                0x00000484                __vector_7
 .text.usart_init
                0x000004e8       0x3a USART.o
                0x000004e8                usart_init
 .text.avr-libc.fplib
                0x00000522        0xe /usr/lib/gcc/avr/12.2.0/../../../../avr/lib/avr5/libm.a(addsf3.o)
                0x00000522                __subsf3
                0x00000524                __addsf3
 .text.avr-libc.fplib
                0x00000530       0xcc /usr/lib/gcc/avr/12.2.0/../../../../avr/lib/avr5/libm.a(addsf3x.o)
                0x00000552                __addsf3x
 .text.avr-libc.fplib
                0x000005fc        0x8 /usr/lib/gcc/avr/12.2.0/../../../../avr/lib/avr5/libm.a(divsf3.o)
                0x000005fc                __divsf3
 .text.avr-libc.fplib
                0x00000604       0xdc /usr/lib/gcc/avr/12.2.0/../../../../avr/lib/avr5/libm.a(divsf3x.o)
                0x00000624                __divsf3x
                0x0000062a                __divsf3_pse
 .text.avr-libc.fplib
                0x000006e0       0x5e /usr/lib/gcc/avr/12.2.0/../../../../avr/lib/avr5/libm.a(fixunssfsi.o)
                0x000006e0                __fixunssfsi
 .text.avr-libc.fplib
                0x0000073e       0x7a /usr/lib/gcc/avr/12.2.0/../../../../avr/lib/avr5/libm.a(floatsisf.o)
                0x0000073e                __floatunsisf
                0x00000742                __floatsisf
 .text.avr-libc.fplib
                0x000007b8        0xc /usr/lib/gcc/avr/12.2.0/../../../../avr/lib/avr5/libm.a(fp_inf.o)
                0x000007b8                __fp_inf
 .text.avr-libc.fplib
                0x000007c4        0x6 /usr/lib/gcc/avr/12.2.0/../../../../avr/lib/avr5/libm.a(fp_nan.o)
                0x000007c4                __fp_nan
 .text.avr-libc.fplib
                0x000007ca        0xe /usr/lib/gcc/avr/12.2.0/../../../../avr/lib/avr5/libm.a(fp_pscA.o)
                0x000007ca                __fp_pscA
 .text.avr-libc.fplib
                0x000007d8        0xe /usr/lib/gcc/avr/12.2.0/../../../../avr/lib/avr5/libm.a(fp_pscB.o)
                0x000007d8                __fp_pscB
 .text.avr-libc.fplib
                0x000007e6       0x22 /usr/lib/gcc/avr/12.2.0/../../../../avr/lib/avr5/libm.a(fp_round.o)
                0x000007e6                __fp_round
 .text.avr-libc.fplib
                0x00000808       0x44 /usr/lib/gcc/avr/12.2.0/../../../../avr/lib/avr5/libm.a(fp_split3.o)
                0x00000808                __fp_split3
                0x00000818                __fp_splitA
 .text.avr-libc.fplib
                0x0000084c        0xe /usr/lib/gcc/avr/12.2.0/../../../../avr/lib/avr5/libm.a(fp_zero.o)
                0x0000084c                __fp_zero
                0x0000084e                __fp_szero
 .text.avr-libc.fplib
                0x0000085a        0x8 /usr/lib/gcc/avr/12.2.0/../../../../avr/lib/avr5/libm.a(mulsf3.o)
                0x0000085a                __mulsf3
 .text.avr-libc.fplib
                0x00000862       0xd2 /usr/lib/gcc/avr/12.2.0/../../../../avr/lib/avr5/libm.a(mulsf3x.o)
                0x00000880                __mulsf3x
                0x00000886                __mulsf3_pse
 .text.avr-libc
                0x00000934       0x16 /usr/lib/gcc/avr/12.2.0/../../../../avr/lib/avr5/libc.a(strcat.o)
                0x00000934                strcat
 .text.avr-libc
                0x0000094a       0x46 /usr/lib/gcc/avr/12.2.0/../../../../avr/lib/avr5/libc.a(sprintf.o)
                0x0000094a                sprintf
 .text.avr-libc
                0x00000990      0x3a6 /usr/lib/gcc/avr/12.2.0/../../../../avr/lib/avr5/libc.a(vfprintf_std.o)
                0x00000990                vfprintf
 .text.avr-libc
                0x00000d36       0x16 /usr/lib/gcc/avr/12.2.0/../../../../avr/lib/avr5/libc.a(strnlen_P.o)
                0x00000d36                strnlen_P
 .text.avr-libc
                0x00000d4c       0x16 /usr/lib/gcc/avr/12.2.0/../../../../avr/lib/avr5/libc.a(strnlen.o)
                0x00000d4c                strnlen
 .text.avr-libc
                0x00000d62       0x60 /usr/lib/gcc/avr/12.2.0/../../../../avr/lib/avr5/libc.a(fputc.o)
                0x00000d62                fputc
 .text.avr-libc
                0x00000dc2       0xbc /usr/lib/gcc/avr/12.2.0/../../../../avr/lib/avr5/libc.a(ultoa_invert.o)
                0x00000dc2                __ultoa_invert
 .text.libgcc.prologue
                0x00000e7e       0x38 /usr/lib/gcc/avr/12.2.0/avr5/libgcc.a(_prologue.o)
                0x00000e7e                __prologue_saves__
 .text.libgcc.prologue
                0x00000eb6       0x36 /usr/lib/gcc/avr/12.2.0/avr5/libgcc.a(_epilogue.o)
                0x00000eb6                __epilogue_restores__
                0x00000eec                        . = ALIGN (0x2)
 *(.fini9)
 .fini9         0x00000eec        0x0 /usr/lib/gcc/avr/12.2.0/avr5/libgcc.a(_exit.o)
                0x00000eec                exit
                0x00000eec                _exit
 *(.fini9)
 *(.fini8)
 *(.fini8)
 *(.fini7)
 *(.fini7)
 *(.fini6)
 *(.fini6)
 *(.fini5)
 *(.fini5)
 *(.fini4)
 *(.fini4)
 *(.fini3)
 *(.fini3)
 *(.fini2)
 *(.fini2)
 *(.fini1)
 *(.fini1)
 *(.fini0)
 .fini0         0x00000eec        0x4 /usr/lib/gcc/avr/12.2.0/avr5/libgcc.a(_exit.o)
 *(.fini0)
 *(.hightext)
 *(.hightext*)
 *(.progmemx.*)
                0x00000ef0                        . = ALIGN (0x2)
 *(.jumptables)
 *(.jumptables*)
                0x00000ef0                        _etext = .

.data           0x00800100        0xa load address 0x00000ef0
                0x00800100                        PROVIDE (__data_start = .)
 *(.data)
 *(.data*)
 *(.gnu.linkonce.d*)
 *(.rodata)
 *(.rodata*)
 .rodata.main.str1.1
                0x00800100        0x9 main.o
 *(.gnu.linkonce.r*)
                0x0080010a                        . = ALIGN (0x2)
 *fill*         0x00800109        0x1 
                0x0080010a                        _edata = .
                0x0080010a                        PROVIDE (__data_end = .)

.bss            0x0080010a       0x24
                0x0080010a                        PROVIDE (__bss_start = .)
 *(.bss)
 *(.bss*)
 .bss.dec_val_buf
                0x0080010a        0x7 main.o
                0x0080010a                dec_val_buf
 .bss.value_buf
                0x00800111        0x7 main.o
                0x00800111                value_buf
 .bss.tick_count
                0x00800118        0x2 main.o
 .bss.elapsed_time
                0x0080011a        0x2 main.o
                0x0080011a                elapsed_time
 .bss.ticks_t2  0x0080011c        0x2 main.o
                0x0080011c                ticks_t2
 .bss.ticks_t1  0x0080011e        0x2 main.o
                0x0080011e                ticks_t1
 .bss.dist_dec  0x00800120        0x2 main.o
                0x00800120                dist_dec
 .bss.dist_whole
                0x00800122        0x2 main.o
                0x00800122                dist_whole
 .bss.distance  0x00800124        0x4 main.o
                0x00800124                distance
 .bss.temp      0x00800128        0x4 main.o
                0x00800128                temp
 .bss.edge      0x0080012c        0x2 main.o
                0x0080012c                edge
 *(COMMON)
                0x0080012e                        PROVIDE (__bss_end = .)
                0x00000ef0                        __data_load_start = LOADADDR (.data)
                0x00000efa                        __data_load_end = (__data_load_start + SIZEOF (.data))

.noinit         0x0080012e        0x0
                [!provide]                        PROVIDE (__noinit_start = .)
 *(.noinit .noinit.* .gnu.linkonce.n.*)
                [!provide]                        PROVIDE (__noinit_end = .)
                0x0080012e                        _end = .
                [!provide]                        PROVIDE (__heap_start = .)

.eeprom         0x00810000        0x0
 *(.eeprom*)
                0x00810000                        __eeprom_end = .

.fuse
 *(.fuse)
 *(.lfuse)
 *(.hfuse)
 *(.efuse)

.lock
 *(.lock*)

.signature
 *(.signature*)

.stab
 *(.stab)

.stabstr
 *(.stabstr)

.stab.excl
 *(.stab.excl)

.stab.exclstr
 *(.stab.exclstr)

.stab.index
 *(.stab.index)

.stab.indexstr
 *(.stab.indexstr)

.comment        0x00000000       0x24
 *(.comment)
 .comment       0x00000000       0x12 main.o
                                 0x13 (size before relaxing)
 .comment       0x00000012       0x13 USART.o
 .comment       0x00000012       0x12 /usr/lib/gcc/avr/12.2.0/../../../../avr/lib/avr5/libc.a(sprintf.o)
                                 0x13 (size before relaxing)
 .comment       0x00000024       0x13 /usr/lib/gcc/avr/12.2.0/../../../../avr/lib/avr5/libc.a(vfprintf_std.o)
 .comment       0x00000024       0x13 /usr/lib/gcc/avr/12.2.0/../../../../avr/lib/avr5/libc.a(fputc.o)

.note.gnu.avr.deviceinfo
                0x00000000       0x40
 .note.gnu.avr.deviceinfo
                0x00000000       0x40 /usr/lib/gcc/avr/12.2.0/../../../../avr/lib/avr5/crtatmega328p.o

.note.gnu.build-id
 *(.note.gnu.build-id)

.debug
 *(.debug)

.line
 *(.line)

.debug_srcinfo
 *(.debug_srcinfo)

.debug_sfnames
 *(.debug_sfnames)

.debug_aranges  0x00000000       0x70
 *(.debug_aranges)
 .debug_aranges
                0x00000000       0x40 main.o
 .debug_aranges
                0x00000040       0x30 USART.o

.debug_pubnames
 *(.debug_pubnames)

.debug_info     0x00000000      0xb2e
 *(.debug_info .gnu.linkonce.wi.*)
 .debug_info    0x00000000      0x5f4 /usr/lib/gcc/avr/12.2.0/../../../../avr/lib/avr5/crtatmega328p.o
 .debug_info    0x000005f4      0x3b9 main.o
 .debug_info    0x000009ad      0x181 USART.o

.debug_abbrev   0x00000000      0x850
 *(.debug_abbrev)
 .debug_abbrev  0x00000000      0x5a2 /usr/lib/gcc/avr/12.2.0/../../../../avr/lib/avr5/crtatmega328p.o
 .debug_abbrev  0x000005a2      0x18f main.o
 .debug_abbrev  0x00000731      0x11f USART.o

.debug_line     0x00000000      0x794
 *(.debug_line .debug_line.* .debug_line_end)
 .debug_line    0x00000000       0x1d /usr/lib/gcc/avr/12.2.0/../../../../avr/lib/avr5/crtatmega328p.o
 .debug_line    0x0000001d      0x55e main.o
 .debug_line    0x0000057b      0x219 USART.o

.debug_frame    0x00000000       0xe4
 *(.debug_frame)
 .debug_frame   0x00000000       0x88 main.o
 .debug_frame   0x00000088       0x5c USART.o

.debug_str      0x00000000      0x498
 *(.debug_str)
 .debug_str     0x00000000      0x208 /usr/lib/gcc/avr/12.2.0/../../../../avr/lib/avr5/crtatmega328p.o
 .debug_str     0x00000208      0x255 main.o
                                0x29a (size before relaxing)
 .debug_str     0x0000045d       0x3b USART.o
                                0x182 (size before relaxing)

.debug_loc
 *(.debug_loc)

.debug_macinfo
 *(.debug_macinfo)

.debug_weaknames
 *(.debug_weaknames)

.debug_funcnames
 *(.debug_funcnames)

.debug_typenames
 *(.debug_typenames)

.debug_varnames
 *(.debug_varnames)

.debug_pubtypes
 *(.debug_pubtypes)

.debug_ranges
 *(.debug_ranges)

.debug_addr
 *(.debug_addr)

.debug_line_str
                0x00000000       0xb0
 *(.debug_line_str)
 .debug_line_str
                0x00000000       0x7f main.o
                                 0xc1 (size before relaxing)
 .debug_line_str
                0x0000007f       0x31 USART.o
                                 0xcc (size before relaxing)

.debug_loclists
                0x00000000       0x7a
 *(.debug_loclists)
 .debug_loclists
                0x00000000       0x7a USART.o

.debug_macro
 *(.debug_macro)

.debug_names
 *(.debug_names)

.debug_rnglists
                0x00000000       0x4c
 *(.debug_rnglists)
 .debug_rnglists
                0x00000000       0x2d main.o
 .debug_rnglists
                0x0000002d       0x1f USART.o

.debug_str_offsets
 *(.debug_str_offsets)

.debug_sup
 *(.debug_sup)
OUTPUT(US.elf elf32-avr)
LOAD linker stubs
